=== scripts/audit-freshness.mjs ===
FRESHNESS AUDIT PASS • combat/non-combat patches • same-version EA revisions • docs-only source commits • duplicate rebuild suppression • stale promotion fails closed
EXIT:0
=== scripts/audit-global.mjs ===
note: interdictor is officially expected (curated-roster) but absent from the trusted source; the patch ledger already holds 1.4.2.0 pending.
GLOBAL INTEGRITY PASS • roster 63/63 • combat-eligible 62 (55 primaries + 7 sidearms) • all audit mappings covered • cache-first + trigger-to-impact META wiring locked
EXIT:0
=== scripts/audit-priority-wiring.mjs ===
CONTROL WIRING PASS • 13 controls traced to a consumer • PRIORITY reaches ranking + build • no dead preference toggles • reasoning gated out of 23 engine functions
EXIT:0
=== scripts/audit-redsec-armor.mjs ===
REDSEC ARMOUR PASS • 2 plates x 40 HP = 80 HP • +10m armour range shift • current chest multipliers auto 0.84x / DMR 0.91x / sniper 0.67x • SG553R Carbine alignment gated • shot-by-shot two-layer model • 305/434 swept cases differ from a generic 180 HP pool • armoured confidence: partially-verified
EXIT:0
=== scripts/audit-patch-reconciliation.mjs ===
PATCH RECONCILIATION PASS • 4 patches after 1.3.3.0 • verified combat 1.4.1.5 (blocked at 1.4.2.0) • live 1.4.2.5 • 8 promotion scenarios gated
EXIT:0
=== scripts/audit-roster-sets.mjs ===
ROSTER SET PASS • 63 officially expected • 62 in trusted source • 62 combat-eligible (55 primaries + 7 sidearms) • 1 awaiting upstream • 10 identity scenarios gated
EXIT:0
=== scripts/audit-attachment-names.mjs --check ===
ATTACHMENT NAME AUDIT PASS • 168 attachments • GAME_VERIFIED_EXACT 0 • SOURCE_CORROBORATED 94 • UNVERIFIED 51 • INTERNAL_PLACEHOLDER 23 • MISMATCH 0 • optimizer separation gated over 24 engine functions
EXIT:0
=== scripts/audit-ballistic-ttk.mjs ===
BALLISTIC TTK PASS
{
  "baseDragPerMeter": 0.0035,
  "examples": {
    "m2010esr": {
      "10": {
        "damage": 80,
        "btk": 2,
        "mechMs": 1395,
        "flightMs": 13,
        "triggerTtkMs": 1409
      },
      "25": {
        "damage": 80,
        "btk": 2,
        "mechMs": 1395,
        "flightMs": 34,
        "triggerTtkMs": 1430
      },
      "50": {
        "damage": 80,
        "btk": 2,
        "mechMs": 1395,
        "flightMs": 72,
        "triggerTtkMs": 1467
      },
      "100": {
        "damage": 100,
        "btk": 1,
        "mechMs": 0,
        "flightMs": 158,
        "triggerTtkMs": 158
      },
      "150": {
        "damage": 62,
        "btk": 2,
        "mechMs": 1395,
        "flightMs": 260,
        "triggerTtkMs": 1655
      }
    },
    "sv98": {
      "10": {
        "damage": 80,
        "btk": 2,
        "mechMs": 1579,
        "flightMs": 15,
        "triggerTtkMs": 1594
      },
      "25": {
        "damage": 80,
        "btk": 2,
        "mechMs": 1579,
        "flightMs": 38,
        "triggerTtkMs": 1617
      },
      "50": {
        "damage": 95.56,
        "btk": 2,
        "mechMs": 1579,
        "flightMs": 80,
        "triggerTtkMs": 1659
      },
      "100": {
        "damage": 62,
        "btk": 2,
        "mechMs": 1579,
        "flightMs": 176,
        "triggerTtkMs": 1755
      },
      "150": {
        "damage": 62,
        "btk": 2,
        "mechMs": 1579,
        "flightMs": 290,
        "triggerTtkMs": 1869
      }
    },
    "psr": {
      "10": {
        "damage": 80,
        "btk": 2,
        "mechMs": 1579,
        "flightMs": 15,
        "triggerTtkMs": 1594
      },
      "25": {
        "damage": 80,
        "btk": 2,
        "mechMs": 1579,
        "flightMs": 38,
        "triggerTtkMs": 1617
      },
      "50": {
        "damage": 80,
        "btk": 2,
        "mechMs": 1579,
        "flightMs": 80,
        "triggerTtkMs": 1659
      },
      "100": {
        "damage": 100,
        "btk": 1,
        "mechMs": 0,
        "flightMs": 176,
        "triggerTtkMs": 176
      },
      "150": {
        "damage": 71.5,
        "btk": 2,
        "mechMs": 1579,
        "flightMs": 290,
        "triggerTtkMs": 1869
      }
    },
    "miniscout": {
      "10": {
        "damage": 62,
        "btk": 2,
        "mechMs": 1276,
        "flightMs": 13,
        "triggerTtkMs": 1290
      },
      "25": {
        "damage": 61.7,
        "btk": 2,
        "mechMs": 1276,
        "flightMs": 34,
        "triggerTtkMs": 1311
      },
      "50": {
        "damage": 59.85,
        "btk": 2,
        "mechMs": 1276,
        "flightMs": 72,
        "triggerTtkMs": 1348
      },
      "100": {
        "damage": 58,
        "btk": 2,
        "mechMs": 1276,
        "flightMs": 158,
        "triggerTtkMs": 1434
      },
      "150": {
        "damage": 58,
        "btk": 2,
        "mechMs": 1276,
        "flightMs": 260,
        "triggerTtkMs": 1536
      }
    },
    "l115": {
      "10": {
        "damage": 80,
        "btk": 2,
        "mechMs": 1304,
        "flightMs": 15,
        "triggerTtkMs": 1320
      },
      "25": {
        "damage": 80,
        "btk": 2,
        "mechMs": 1304,
        "flightMs": 39,
        "triggerTtkMs": 1344
      },
      "50": {
        "damage": 80,
        "btk": 2,
        "mechMs": 1304,
        "flightMs": 82,
        "triggerTtkMs": 1387
      },
      "100": {
        "damage": 100,
        "btk": 1,
        "mechMs": 0,
        "flightMs": 180,
        "triggerTtkMs": 180
      },
      "150": {
        "damage": 84.62,
        "btk": 2,
        "mechMs": 1304,
        "flightMs": 297,
        "triggerTtkMs": 1601
      }
    }
  }
}
EXIT:0
=== scripts/audit-manual-weapon.mjs ===
BUILD MY GUN PASS • manual weapon stays locked • full primary catalog • range-aware lethal winners at 1–300m • optic fit gates range suitability • Beam Index breaks remaining lethal ties
EXIT:0
=== scripts/audit-range-optics.mjs ===
RANGE OPTIC PASS • sight tiers preserved • close/medium/long fit policy • unsuitable-optic gate • sweet-spot UI • cache validators
EXIT:0
=== scripts/audit-laserbeam-meta.mjs ===
LASERBEAM META PASS • stable 55/45 percentage utility • filter invariance • recoil/spread primitives • competitiveness penalty • real Phase-B tradeoff regressions
EXIT:0
=== scripts/validate-combat-cache.mjs data/combat-cache.json data/source-manifest.json ===
COMBAT CACHE PASS • modeled 62/62 • raw legal combinations 115350181 • canonical evaluated 52307624
EXIT:0
=== scripts/audit-cache-state-dedupe.mjs ===
CACHE STATE DEDUPE PASS — display labels/metadata collapse; lethal/recoil/spread/optic/handling mechanics remain distinct.
=== scripts/audit-cache-state-scale.mjs ===
CACHE STATE SCALE PASS — 100,000 display-only variants collapse to 1 state; a real recoil change creates a distinct state.
=== scripts/audit-partial-assumptions.mjs ===
PARTIAL ASSUMPTION SANITIZER PASS: 2 records, 4 unverified fields stripped; verified M250 barrel mechanics preserved.
=== scripts/audit-final-gate-policy.mjs ===
FINAL GATE POLICY PASS • strict lethal floor • 12% ceiling • percentage-weighted Beam tradeoff • tiny-gain sacrifice rejected
=== scripts/check-freshness.mjs ===
official_version=1.4.2.5
official_changed=false
upstream_commit_changed=false
upstream_changed=false
upstream_data_known=true
article_revision_changed=false
needs_rebuild=false
status_changed=true
combat_impact=combat-relevant-or-unknown
FRESHNESS PASS • EA 1.4.2.5 • upstream unknown • rebuild NO
